<testsuite errors="0" failures="0" name="Django Project Tests" skips="0" tests="7" time="1.286"><testcase classname="espolguide_app.tests.CasoTest" name="test_alternative_names" time="0.127417" /><testcase classname="espolguide_app.tests.CasoTest" name="test_get_building_centroid" time="0.118540" /><testcase classname="espolguide_app.tests.CasoTest" name="test_get_favorites" time="0.115343" /><testcase classname="espolguide_app.tests.CasoTest" name="test_obtain_buildings" time="0.262710" /><testcase classname="espolguide_app.tests.CasoTest" name="test_obtain_buildings_info" time="0.117207" /><testcase classname="espolguide_app.tests.CasoTest" name="test_show_photo" time="0.409605" /><testcase classname="espolguide_app.tests.CasoTest" name="test_token_user" time="0.127979" /></testsuite>